python : C:\Users\Gulshan Kumar\AppData\Local\Programs\Python\Python313\python.exe: No module named pytest
At line:1 char:1
+ python -m pytest test_api.py -v 2>&1 | Tee-Object test_report.txt
+ ~~~~~~~~~~~~~~~~~~~~~~~~~~~~~~~~~~~~
    + CategoryInfo          : NotSpecified: (C:\Users\Gulsha...le named pytest:String) [], RemoteException
    + FullyQualifiedErrorId : NativeCommandError
 
